  ✓ brie                    75  'Fromage de Brie'.
  ✓ camembert               75  'Magasin de perfectionement du fromage de Camemb
  ? triple-creme             0  Brie on a Shelf
  ✓ burrata                 85  Burrata with tomato
  ✓ mozzarella              85  Tomatoes Bocconcini
  ✗ ricotta                no candidates
  ? chevre                  40  Bacon, spinach, roasted garlic and goat cheese s
  ✓ boursin                 75  Boursin-cheese-3494 1280
  ✓ feta                    70  Tara, Feta and Red Pepper and Melinzano dip at O
  ? manchego                60  Postres manchegos
  ? aged-gouda              23  File:Stolpersteine Gouda AG de Vrijestraat 18 (d
  ✗ young-gouda            download failed
  ? cheddar                 10  Organic breakfast sandwich on onion bagel
  ✗ clothbound-cheddar     no candidates
  ? gruyere                  0  'Fabrication du fromage de Gruyère dans un chale
  ? comte                   60  'Urne romaine trouvée dans le comté de Glocester
  ✓ parmigiano              75  Queso
  ✓ pecorino                70  Labour Day dinner - Pasta w/mint, pecorino and h
  ✗ gorgonzola-dolce       no candidates
  ? roquefort               60  'La rue des caves, à Roquefort'.
  ✗ stilton                download failed
  ✗ taleggio               download failed
  ? epoisses                60  201907_0289
  ✗ halloumi               download failed
  ? smoked-gouda            48  Charcuterie board with smoke gouda, olives, pick
--- 25/202 (17 to review) ---
  ✓ havarti                 85  Ham, cheese and tomato omelet
  ✓ mascarpone              70  A slice of tiramisu on a white plate, featuring 
  ? cream-cheese             0  Radisson Hotel Dinner Menu - DPLA - b36f60798d8a
  ✗ labneh                 download failed
  ? humboldt-fog            40  Little gem salad with Humboldt Fog goat cheese
  ✗ bucheron               download failed
  ✓ cambozola               75  Cambozola cheese 2
  ? valdeon                  0  Exposición de Joaquín Valdeón en la Universidad 
  ✗ munster                download failed
  ? reblochon               60  Reblochon
  ✓ raclette                70  Lausanne raclette (1)
  ? emmental                60  14 .89/1.44C 31A Langnau im Emmental
  ✗ provolone              no candidates
  ✓ grana-padano            75  
  ✗ mimolette              download failed
  ? morbier                 60  Tancua, juste avant Morbier, Jura
  ✗ ossau-iraty            no candidates
  ✗ idiazabal              download failed
  ✗ tomme                  download failed
  ✗ asiago                 no candidates
  ? wensleydale-cranberry   15  Project 365 #341: 081213 Cheese Cake
  ? marcona-almond          60  Port Wine Bonbon, Salted Marcona Almonds
  ? pecan                   48  Close candied pecan pralines
  ✗ walnut                 download failed
  ✓ pistachio               85  Pistachios Nuts
--- 50/202 (36 to review) ---
  ✓ hazelnut                75  Still life with plums, grapes and peaches in a w
  ✗ smoked-almond          download failed
  ? cashew                  25  cashew nuts
  ✓ dark-chocolate          85  Dark Chocolate
  ? choc-almond             15  Finnish Sweeties #13: Tupla Kingsize
  ? amaretti                60  BALLERIO, Osvaldo (1870-1942). Biscottini e Amar
  ✓ shortbread              70  Christmas shortbread
  ? rosemary                48  A large, shallow metal pan filled with a rich, d
  ✓ thyme                   70  FOOD SHOT - SEARED VEAL LOIN WITH GRILLED VEGETA
  ✓ basil                   70  Fresh Basil!
  ✓ mint                    70  Labour Day dinner - Pasta w/mint, pecorino and h
  ✓ edible-flowers          70  A slice of cake with white frosting, topped with
  ✗ sage                   download failed
  ✓ microgreens             70  Microgreen Emerging - Urban Agriculture
  ✗ pine-nut               download failed
  ? macadamia               10  Glyhposate herbicide injury to macadamia (Macada
  ? chestnut                40  Roasted chestnut
  ✗ brazil-nut             download failed
  ? biscotti                60  2011 11 02 pranzo e biscotti
  ✓ halva                   70  halva
  ✓ turkish-delight         75  Turkish delight
  ✓ marzipan                70  Closeup pile marzipan potatoes
  ✓ chocolate-truffle       75  Free chocolate truffles image
  ? dill                    60  Dill (Anethum graveolens), Dandelion (Taraxacum 
  ✓ chive                   70  Siberian chives, Lower Lovetts Farm
--- 75/202 (48 to review) ---
  ? tarragon                60  Turkish version of the Wonders of creation, Tarr
  ? pink-peppercorn         23  
  ✗ flaky-salt             no candidates
  ? fennel-frond            60  Swirling drops in fennel fronds
  ✗ prosciutto             download failed
  ✗ soppressata            download failed
  ✗ genoa                  no candidates
  ✗ finocchiona            no candidates
  ? chorizo                 45  Seafood Market: 'El asturiano'
  ✗ nduja                  download failed
  ? coppa                   60  DAM1941 - Coppa allo Strudel
  ✓ bresaola                85  Bresaola carpaccio with wild rockets
  ✓ mortadella              85  Mortadella bologna sticker, food illustration
  ? speck                   60  [Lonely Speck] Milky Way over Ashurst Lake
  ? jamon-iberico            0  Jamón 100% ibérico de bellota (Etiqueta Negra) '
  ? pate                     0  Pork pate, country style, with mustard on a toas
  ✗ rillettes              download failed
  ✗ saucisson-sec          no candidates
  ? salchichon               0  Salchichón Gáldar - Leales.org (http://bit.ly/2r
  ✗ lomo                   no candidates
  ✗ culatello              no candidates
  ? lardo                   60  Lardo-bergamo-20231229 03
  ? jamon-serrano           23  Jamón Serrano 'Monte Nevado' (Carbonero el Mayor
  ? prosciutto-cotto         0  Cooked ham served on wooden boards
  ✗ truffle-salami         no candidates
--- 100/202 (71 to review) ---
  ? landjaeger               0  Team Landjäger auf der Flucht
  ✗ biltong                download failed
  ✗ duck-prosciutto        no candidates
  ✗ foie-gras              download failed
  ✓ smoked-salmon           70  Smoked salmon on bannock
  ? water-cracker            0  NoPetroPA-plastic-nurdles-public-domain-7793
  ? seeded-crisp            10  Chouchou
  ✗ crostini               no candidates
  ? baguette                23  baroque
  ✓ sourdough               70  A grilled sourdough sandwich cut in half shows h
  ✓ grissini                70  Free baking homemade grissini snack
  ✗ lavash                 no candidates
  ✗ fig-olive-crisp        no candidates
  ? oat-cake                60  Made oat cakes for breakfast.
  ✓ pita-chip               70  Spinach artichoke dip appetizer with pita chips
  ? honeycomb               60  Small Honey Jar with Honeycomb
  ✗ hot-honey              download failed
  ? fig-jam                  0  Fig Tree, Sunnybank
  ? apricot-preserve        45  Supplies for home canning on table
  ? mustard                 23  'Chateaubriand' of Marcho Farms Veal, Stuffed Ja
  ? onion-jam                0  Blue Cheese CRUNCH - Crunch&Co 2024-04-16
  ✓ hummus                  70  Home Made Hummus
  ? olive-oil               23  St Helena Superintendent Seeking Information Re 
  ? tapenade                23  26-Tulbagh Oakhurst Olives
  ? pepper-jelly            60  Another Round of Chile Pepper Jelly
--- 125/202 (91 to review) ---
  ? membrillo               60  Membrillos del Perú
  ✗ castelvetrano          no candidates
  ? kalamata                23  Kalamata railstation
  ? cornichon               60  Cornichon sauteur
  ✓ pickled-onion           70  Top-down view of an Indian-style meal on a white
  ✗ artichoke              download failed
  ? peperoncini             60  peperoncini stesi ad asciugare al sole
  ✗ giardiniera            download failed
  ? caper-berry              0  Illustration Capparis spinosa0
  ? rye-crisp                0  Knaeckebroed
  ? parmesan-crisp          23  Feta parcels and parmesan shortbread in the oven
  ? everything-cracker      38  Project 365 #290: 171010 Absolutely Crackers
  ✗ charcoal-cracker       no candidates
  ? brioche-toast           33  Toasted brioche
  ✓ focaccia                70  Focaccia
  ✗ pretzel-crisp          no candidates
  ? melba-toast             45  GCDA Week 2 Bread 03
  ? apple-butter            60  Condensing Apple Sauce to Apple Butter
  ? truffle-honey           45  Marshalls Farm Liquid Honey Truffle with White C
  ✓ balsamic-glaze          70  A vibrant Caprese salad made with alternating sl
  ✗ whipped-feta           no candidates
  ? romesco                  0  FEL INTERMEDIAR
  ✗ muhammara              no candidates
  ? mango-chutney           45  It Smells Great
  ✓ cranberry-sauce         70  Food Cranberry Sauce
--- 150/202 (112 to review) ---
  ? sun-dried-tomato        23  Spaghetti with Arugula and Sun-Dried Tomatoes
  ? roasted-pepper          33  A spicy, richly seasoned chicken dish with vibra
  ✗ pickled-mushroom       download failed
  ✓ peach                   85  Chewy would do anything for a peach!
  ✓ nectarine               75  Les nectarines
  ✓ fig                     85  Fresh Figs
  ✓ grape-red               85  Red Grapes
  ✓ grape-green             85  Green Grapes
  ? champagne-grape         60  Moët & Chandon Champagne grapes
  ✓ strawberry              85  strawberries
  ✓ blackberry              85  fresh-blackberries-on-white-background
  ✓ raspberry               85  Raspberry by P.J. Redouté (1833)
  ✓ blueberry               85  Blueberry Strawberry Mix
  ✓ apple                   85  Apple
  ? pear                    60  Asian pear
  ✓ persimmon               75  Florda Jay in American Persimmon (Diospyros virg
  ✓ pomegranate             85  pomegranate
  ✓ cherry                  75  'Morpho Achilles & Cherries.' Blue-banded Morpho
  ✓ melon                   85  Stem-end, fungal rot of organically grown cantal
  ? citrus                   0  Florida-Supreme-Court-2014
  ✓ apricot                 85  Pile fresh apricots
  ✓ plum                    75  Still life with plums, grapes and peaches in a w
  ✓ kumquat                 85  Kumquats
  ✓ dried-apricot           85  Short drink with dried apricot
  ✓ date                    70  Medjool Dates
--- 175/202 (118 to review) ---
  ✓ dried-fig               85  Dried figs isolated on a white background
  ? golden-raisin           55  Golden-brown spiral cinnamon roll buns with rais
  ? dried-cherry            60  Jar Mug
  ? candied-orange          23  Candy colored candles
  ✗ dried-mango            download failed
  ✓ prune                   85  Doyoboshi dried plum
  ✓ watermelon              85  Fresh Watermelon Chunks in Ready-to-Eat Containe
  ✓ cherry-tomato           85  Handful of Cherry Tomatoes
  ✓ cucumber                85  Watermelon, tomatoes, beets, beans, cucumber, on
  ? radish                  55  Fried egg on toast with cutting radishes pieces-
  ✗ endive                 no candidates
  ✓ snap-pea                75  Sugar snap peas png, Japanese
  ✓ bell-pepper             70  Fresh Red Sweet Pepper Vegetables
  ? carrot                  60  rainbow carrots from garden held in hand
  ✓ starfruit               85  Alajuela's public market. Starfruit (la
  ✓ lychee                  85  lychees
  ✓ passionfruit            85  Passionfruit: Cucumber mosaic virus
  ✓ pineapple               85  Pineapples
  ✓ clementine              85  Clementines
  ? physalis                60  PHYSALIS 1- IMG_9722-7
  ? currants-red            60  Redcurrants
  ✓ dried-cranberry         85  A dark wooden serving platter arranged with crac
  ? dried-pear               0  Another Zero Dollar Project
  ✗ dried-apple            no candidates
  ? dried-strawberry         0  Finnish Sweeties #8: Fazer Strawberry and Raspbe
--- 200/202 (130 to review) ---
  ✓ dried-pineapple         75  Getting ready to sample dried pineapple
  ? turkish-fig             23  Turkish version of the Wonders of creation, A wi

done: 152 fetched, 131 need review, 50 missing
